###############################################################################
#
# IAR ELF Linker V8.20.2.14835/W32 for ARM                06/Jun/2018  19:24:18
# Copyright 2007-2017 IAR Systems AB.
#
#    Output file  =  
#        C:\Users\tansu\Desktop\Stm32Works\Prj\Debug\Exe\Standard.out
#    Map file     =  
#        C:\Users\tansu\Desktop\Stm32Works\Prj\Debug\List\Standard.map
#    Command line =  
#        -f C:\Users\tansu\AppData\Local\Temp\EWF3D1.tmp
#        (C:\Users\tansu\Desktop\Stm32Works\Prj\Debug\Obj\core_cm3.o
#        C:\Users\tansu\Desktop\Stm32Works\Prj\Debug\Obj\Filter.o
#        C:\Users\tansu\Desktop\Stm32Works\Prj\Debug\Obj\FIR_Filter.o
#        C:\Users\tansu\Desktop\Stm32Works\Prj\Debug\Obj\IncludeList.o
#        C:\Users\tansu\Desktop\Stm32Works\Prj\Debug\Obj\main.o
#        C:\Users\tansu\Desktop\Stm32Works\Prj\Debug\Obj\misc.o
#        C:\Users\tansu\Desktop\Stm32Works\Prj\Debug\Obj\PID.o
#        C:\Users\tansu\Desktop\Stm32Works\Prj\Debug\Obj\Polar_EXTI.o
#        C:\Users\tansu\Desktop\Stm32Works\Prj\Debug\Obj\Polar_GPIO.o
#        C:\Users\tansu\Desktop\Stm32Works\Prj\Debug\Obj\Polar_IT.o
#        C:\Users\tansu\Desktop\Stm32Works\Prj\Debug\Obj\startup_stm32f10x_hd.o
#        C:\Users\tansu\Desktop\Stm32Works\Prj\Debug\Obj\stm32f10x_adc.o
#        C:\Users\tansu\Desktop\Stm32Works\Prj\Debug\Obj\stm32f10x_bkp.o
#        C:\Users\tansu\Desktop\Stm32Works\Prj\Debug\Obj\stm32f10x_can.o
#        C:\Users\tansu\Desktop\Stm32Works\Prj\Debug\Obj\stm32f10x_cec.o
#        C:\Users\tansu\Desktop\Stm32Works\Prj\Debug\Obj\stm32f10x_crc.o
#        C:\Users\tansu\Desktop\Stm32Works\Prj\Debug\Obj\stm32f10x_dac.o
#        C:\Users\tansu\Desktop\Stm32Works\Prj\Debug\Obj\stm32f10x_dbgmcu.o
#        C:\Users\tansu\Desktop\Stm32Works\Prj\Debug\Obj\stm32f10x_dma.o
#        C:\Users\tansu\Desktop\Stm32Works\Prj\Debug\Obj\stm32f10x_exti.o
#        C:\Users\tansu\Desktop\Stm32Works\Prj\Debug\Obj\stm32f10x_flash.o
#        C:\Users\tansu\Desktop\Stm32Works\Prj\Debug\Obj\stm32f10x_fsmc.o
#        C:\Users\tansu\Desktop\Stm32Works\Prj\Debug\Obj\stm32f10x_gpio.o
#        C:\Users\tansu\Desktop\Stm32Works\Prj\Debug\Obj\stm32f10x_i2c.o
#        C:\Users\tansu\Desktop\Stm32Works\Prj\Debug\Obj\stm32f10x_it.o
#        C:\Users\tansu\Desktop\Stm32Works\Prj\Debug\Obj\stm32f10x_iwdg.o
#        C:\Users\tansu\Desktop\Stm32Works\Prj\Debug\Obj\stm32f10x_pwr.o
#        C:\Users\tansu\Desktop\Stm32Works\Prj\Debug\Obj\stm32f10x_rcc.o
#        C:\Users\tansu\Desktop\Stm32Works\Prj\Debug\Obj\stm32f10x_rtc.o
#        C:\Users\tansu\Desktop\Stm32Works\Prj\Debug\Obj\stm32f10x_sdio.o
#        C:\Users\tansu\Desktop\Stm32Works\Prj\Debug\Obj\stm32f10x_spi.o
#        C:\Users\tansu\Desktop\Stm32Works\Prj\Debug\Obj\stm32f10x_tim.o
#        C:\Users\tansu\Desktop\Stm32Works\Prj\Debug\Obj\stm32f10x_usart.o
#        C:\Users\tansu\Desktop\Stm32Works\Prj\Debug\Obj\stm32f10x_wwdg.o
#        C:\Users\tansu\Desktop\Stm32Works\Prj\Debug\Obj\system_stm32f10x.o -o
#        C:\Users\tansu\Desktop\Stm32Works\Prj\Debug\Exe\Standard.out --map
#        C:\Users\tansu\Desktop\Stm32Works\Prj\Debug\List\Standard.map --config
#        "C:\Program Files (x86)\IAR Systems\Embedded Workbench
#        8.0\arm\config\linker\ST\stm32f103xE.icf" --semihosting --entry
#        __iar_program_start --vfe --text_out locale)
#
###############################################################################

*******************************************************************************
*** RUNTIME MODEL ATTRIBUTES
***

CppFlavor       = *
__Heap_Handler  = NoFree
__SystemLibrary = DLib
__dlib_version  = 6


*******************************************************************************
*** HEAP SELECTION
***

The no free heap was selected because no calls to memory
deallocation functions were found in the application.


*******************************************************************************
*** PLACEMENT SUMMARY
***

"A0":  place at 0x08000000 { ro section .intvec };
"P1":  place in [from 0x08000000 to 0x0807ffff] { ro };
define block CSTACK with size = 4K, alignment = 8 { };
define block HEAP with size = 4K, alignment = 8 { };
"P2":  place in [from 0x20000000 to 0x2000ffff] {
          rw, block CSTACK, block HEAP };
initialize by copy { rw };

  Section            Kind        Address    Size  Object
  -------            ----        -------    ----  ------
"A0":                                      0x130
  .intvec            ro code  0x08000000   0x130  startup_stm32f10x_hd.o [1]
                            - 0x08000130   0x130

"P1":                                      0xf14
  .text              ro code  0x08000130   0x6b4  Polar_EXTI.o [1]
  .text              ro code  0x080007e4    0x94  stm32f10x_exti.o [1]
  .text              ro code  0x08000878    0x24  stm32f10x_rcc.o [1]
  .text              ro code  0x0800089c   0x130  stm32f10x_gpio.o [1]
  .text              ro code  0x080009cc   0x158  system_stm32f10x.o [1]
  .text              ro code  0x08000b24   0x150  Polar_GPIO.o [1]
  .text              ro code  0x08000c74   0x100  Polar_IT.o [1]
  .text              ro code  0x08000d74    0x80  misc.o [1]
  .text              ro code  0x08000df4    0x48  main.o [1]
  .text              ro code  0x08000e3c    0x2c  copy_init3.o [5]
  .text              ro code  0x08000e68    0x28  data_init.o [5]
  .iar.init_table    const    0x08000e90    0x14  - Linker created -
  .text              ro code  0x08000ea4    0x1e  cmain.o [5]
  .text              ro code  0x08000ec2     0x4  low_level_init.o [3]
  .text              ro code  0x08000ec6     0x4  exit.o [3]
  .text              ro code  0x08000ecc     0xa  cexit.o [5]
  .text              ro code  0x08000ed8    0x14  exit.o [6]
  .text              ro code  0x08000eec    0x12  stm32f10x_it.o [1]
  Initializer bytes  const    0x08000f00    0x14  <for P2-1>
  .text              ro code  0x08000f14    0x10  startup_stm32f10x_hd.o [1]
  .text              ro code  0x08000f24     0xc  cstartup_M.o [5]
  .text              ro code  0x08000f30     0x4  startup_stm32f10x_hd.o [1]
  .text              ro code  0x08000f34     0x4  startup_stm32f10x_hd.o [1]
  .text              ro code  0x08000f38     0x4  startup_stm32f10x_hd.o [1]
  .text              ro code  0x08000f3c     0x4  startup_stm32f10x_hd.o [1]
  .text              ro code  0x08000f40     0x4  startup_stm32f10x_hd.o [1]
  .text              ro code  0x08000f44     0x4  startup_stm32f10x_hd.o [1]
  .text              ro code  0x08000f48     0x4  startup_stm32f10x_hd.o [1]
  .text              ro code  0x08000f4c     0x4  startup_stm32f10x_hd.o [1]
  .text              ro code  0x08000f50     0x4  startup_stm32f10x_hd.o [1]
  .text              ro code  0x08000f54     0x4  startup_stm32f10x_hd.o [1]
  .text              ro code  0x08000f58     0x4  startup_stm32f10x_hd.o [1]
  .text              ro code  0x08000f5c     0x4  startup_stm32f10x_hd.o [1]
  .text              ro code  0x08000f60     0x4  startup_stm32f10x_hd.o [1]
  .text              ro code  0x08000f64     0x4  startup_stm32f10x_hd.o [1]
  .text              ro code  0x08000f68     0x4  startup_stm32f10x_hd.o [1]
  .text              ro code  0x08000f6c     0x4  startup_stm32f10x_hd.o [1]
  .text              ro code  0x08000f70     0x4  startup_stm32f10x_hd.o [1]
  .text              ro code  0x08000f74     0x4  startup_stm32f10x_hd.o [1]
  .text              ro code  0x08000f78     0x4  startup_stm32f10x_hd.o [1]
  .text              ro code  0x08000f7c     0x4  startup_stm32f10x_hd.o [1]
  .text              ro code  0x08000f80     0x4  startup_stm32f10x_hd.o [1]
  .text              ro code  0x08000f84     0x4  startup_stm32f10x_hd.o [1]
  .text              ro code  0x08000f88     0x4  startup_stm32f10x_hd.o [1]
  .text              ro code  0x08000f8c     0x4  startup_stm32f10x_hd.o [1]
  .text              ro code  0x08000f90     0x4  startup_stm32f10x_hd.o [1]
  .text              ro code  0x08000f94     0x4  startup_stm32f10x_hd.o [1]
  .text              ro code  0x08000f98     0x4  startup_stm32f10x_hd.o [1]
  .text              ro code  0x08000f9c     0x4  startup_stm32f10x_hd.o [1]
  .text              ro code  0x08000fa0     0x4  startup_stm32f10x_hd.o [1]
  .text              ro code  0x08000fa4     0x4  startup_stm32f10x_hd.o [1]
  .text              ro code  0x08000fa8     0x4  startup_stm32f10x_hd.o [1]
  .text              ro code  0x08000fac     0x4  startup_stm32f10x_hd.o [1]
  .text              ro code  0x08000fb0     0x4  startup_stm32f10x_hd.o [1]
  .text              ro code  0x08000fb4     0x4  startup_stm32f10x_hd.o [1]
  .text              ro code  0x08000fb8     0x4  startup_stm32f10x_hd.o [1]
  .text              ro code  0x08000fbc     0x4  startup_stm32f10x_hd.o [1]
  .text              ro code  0x08000fc0     0x4  startup_stm32f10x_hd.o [1]
  .text              ro code  0x08000fc4     0x4  startup_stm32f10x_hd.o [1]
  .text              ro code  0x08000fc8     0x4  startup_stm32f10x_hd.o [1]
  .text              ro code  0x08000fcc     0x4  startup_stm32f10x_hd.o [1]
  .text              ro code  0x08000fd0     0x4  startup_stm32f10x_hd.o [1]
  .text              ro code  0x08000fd4     0x4  startup_stm32f10x_hd.o [1]
  .text              ro code  0x08000fd8     0x4  startup_stm32f10x_hd.o [1]
  .text              ro code  0x08000fdc     0x4  startup_stm32f10x_hd.o [1]
  .text              ro code  0x08000fe0     0x4  startup_stm32f10x_hd.o [1]
  .text              ro code  0x08000fe4     0x4  startup_stm32f10x_hd.o [1]
  .text              ro code  0x08000fe8     0x4  startup_stm32f10x_hd.o [1]
  .text              ro code  0x08000fec     0x4  startup_stm32f10x_hd.o [1]
  .text              ro code  0x08000ff0     0x4  startup_stm32f10x_hd.o [1]
  .text              ro code  0x08000ff4     0x4  startup_stm32f10x_hd.o [1]
  .text              ro code  0x08000ff8     0x4  startup_stm32f10x_hd.o [1]
  .text              ro code  0x08000ffc     0x4  startup_stm32f10x_hd.o [1]
  .text              ro code  0x08001000     0x4  startup_stm32f10x_hd.o [1]
  .text              ro code  0x08001004     0x4  startup_stm32f10x_hd.o [1]
  .text              ro code  0x08001008     0x4  startup_stm32f10x_hd.o [1]
  .text              ro code  0x0800100c     0x4  startup_stm32f10x_hd.o [1]
  .text              ro code  0x08001010     0x4  startup_stm32f10x_hd.o [1]
  .text              ro code  0x08001014     0x4  startup_stm32f10x_hd.o [1]
  .text              ro code  0x08001018     0x4  startup_stm32f10x_hd.o [1]
  .text              ro code  0x0800101c     0x4  startup_stm32f10x_hd.o [1]
  .text              ro code  0x08001020     0x4  startup_stm32f10x_hd.o [1]
  .text              ro code  0x08001024     0x4  startup_stm32f10x_hd.o [1]
  .text              ro code  0x08001028     0x4  startup_stm32f10x_hd.o [1]
  .text              ro code  0x0800102c     0x4  startup_stm32f10x_hd.o [1]
  .text              ro code  0x08001030     0x4  startup_stm32f10x_hd.o [1]
  .text              ro code  0x08001034     0x4  startup_stm32f10x_hd.o [1]
  .text              ro code  0x08001038     0x4  startup_stm32f10x_hd.o [1]
  .text              ro code  0x0800103c     0x4  startup_stm32f10x_hd.o [1]
  .text              ro code  0x08001040     0x4  startup_stm32f10x_hd.o [1]
  .rodata            const    0x08001044     0x0  copy_init3.o [5]
                            - 0x08001044   0xf14

"P2", part 1 of 2:                          0x14
  P2-1                        0x20000000    0x12  <Init block>
    .data            inited   0x20000000     0x4  IncludeList.o [1]
    .data            inited   0x20000004     0x4  IncludeList.o [1]
    .data            inited   0x20000008     0x4  IncludeList.o [1]
    .bss             inited   0x2000000c     0x4  IncludeList.o [1]
    .data            inited   0x20000010     0x1  IncludeList.o [1]
    .bss             inited   0x20000011     0x1  IncludeList.o [1]
                            - 0x20000012    0x12

"P2", part 2 of 2:                        0x1000
  CSTACK                      0x20000018  0x1000  <Block>
    CSTACK           uninit   0x20000018  0x1000  <Block tail>
                            - 0x20001018  0x1000


*******************************************************************************
*** INIT TABLE
***

          Address     Size
          -------     ----
Copy (__iar_copy_init3)
    1 source range, total size 0x14 (111% of destination):
          0x08000f00  0x14
    1 destination range, total size 0x12:
          0x20000000  0x12



*******************************************************************************
*** MODULE SUMMARY
***

    Module                  ro code  ro data  rw data
    ------                  -------  -------  -------
C:\Users\tansu\Desktop\Stm32Works\Prj\Debug\Obj: [1]
    IncludeList.o                         18       18
    Polar_EXTI.o              1 716
    Polar_GPIO.o                336
    Polar_IT.o                  256
    main.o                       72
    misc.o                      128
    startup_stm32f10x_hd.o      596
    stm32f10x_exti.o            148
    stm32f10x_gpio.o            304
    stm32f10x_it.o               18
    stm32f10x_rcc.o              36
    system_stm32f10x.o          344
    -------------------------------------------------
    Total:                    3 954       18       18

command line: [2]
    -------------------------------------------------
    Total:

dl7M_tln.a: [3]
    exit.o                        4
    low_level_init.o              4
    -------------------------------------------------
    Total:                        8

m7M_tl.a: [4]
    -------------------------------------------------
    Total:

rt7M_tl.a: [5]
    cexit.o                      10
    cmain.o                      30
    copy_init3.o                 44
    cstartup_M.o                 12
    data_init.o                  40
    -------------------------------------------------
    Total:                      136

shb_l.a: [6]
    exit.o                       20
    -------------------------------------------------
    Total:                       20

    Gaps                          4
    Linker created                        24    4 096
-----------------------------------------------------
    Grand Total:              4 122       42    4 114


*******************************************************************************
*** ENTRY LIST
***

Entry                      Address   Size  Type      Object
-----                      -------   ----  ----      ------
.iar.init_table$$Base   0x08000e90          --   Gb  - Linker created -
.iar.init_table$$Limit  0x08000ea4          --   Gb  - Linker created -
?main                   0x08000ea5         Code  Gb  cmain.o [5]
BusFault_Handler        0x08000ef3    0x2  Code  Gb  stm32f10x_it.o [1]
CLK_SET                 0x08000c0f   0x66  Code  Gb  Polar_GPIO.o [1]
CSTACK$$Base            0x20000018          --   Gb  - Linker created -
CSTACK$$Limit           0x20001018          --   Gb  - Linker created -
DebugMon_Handler        0x08000ef9    0x2  Code  Gb  stm32f10x_it.o [1]
EXTIPortTable           0x20000008    0x4  Data  Gb  IncludeList.o [1]
EXTI_Config             0x08000131  0x5b2  Code  Gb  Polar_EXTI.o [1]
EXTI_GPIO_Config        0x080006e3   0xe6  Code  Lc  Polar_EXTI.o [1]
EXTI_Init               0x080007e5   0x84  Code  Gb  stm32f10x_exti.o [1]
Fast_OutputSet          0x08000b25   0xdc  Code  Gb  Polar_GPIO.o [1]
GPIO_EXTILineConfig     0x08000973   0x56  Code  Gb  stm32f10x_gpio.o [1]
GPIO_Init               0x0800089d   0xc4  Code  Gb  stm32f10x_gpio.o [1]
GPIO_OUT                0x08000c01    0xe  Code  Gb  Polar_GPIO.o [1]
GPIO_WriteBit           0x08000961   0x12  Code  Gb  stm32f10x_gpio.o [1]
GroupInterruptInit      0x08000c75   0xe4  Code  Gb  Polar_IT.o [1]
HardFault_Handler       0x08000eef    0x2  Code  Gb  stm32f10x_it.o [1]
LineTable               0x20000004    0x4  Data  Gb  IncludeList.o [1]
MemManage_Handler       0x08000ef1    0x2  Code  Gb  stm32f10x_it.o [1]
NMI_Handler             0x08000eed    0x2  Code  Gb  stm32f10x_it.o [1]
NVIC_Channel_Table      0x20000010    0x1  Data  Gb  IncludeList.o [1]
NVIC_Init               0x08000d7f   0x60  Code  Gb  misc.o [1]
NVIC_PriorityGroupConfig
                        0x08000d75    0xa  Code  Gb  misc.o [1]
NVIC_PriorityTable      0x20000000    0x4  Data  Gb  IncludeList.o [1]
NVIC_SubPriorityTable   0x2000000c    0x4  Data  Gb  IncludeList.o [1]
PendSV_Handler          0x08000efb    0x2  Code  Gb  stm32f10x_it.o [1]
PeriphInterruptInit     0x08000d59    0xe  Code  Lc  Polar_IT.o [1]
RCC_APB2PeriphClockCmd  0x08000879   0x20  Code  Gb  stm32f10x_rcc.o [1]
Region$$Table$$Base     0x08000e90          --   Gb  - Linker created -
Region$$Table$$Limit    0x08000ea4          --   Gb  - Linker created -
SVC_Handler             0x08000ef7    0x2  Code  Gb  stm32f10x_it.o [1]
SetSysClock             0x08000a21    0x8  Code  Lc  system_stm32f10x.o [1]
SetSysClockTo72         0x08000a29   0xe0  Code  Lc  system_stm32f10x.o [1]
SysTick_Handler         0x08000efd    0x2  Code  Gb  stm32f10x_it.o [1]
SystemInit              0x080009cd   0x54  Code  Gb  system_stm32f10x.o [1]
TriggerTable            0x20000011    0x1  Data  Gb  IncludeList.o [1]
UsageFault_Handler      0x08000ef5    0x2  Code  Gb  stm32f10x_it.o [1]
__cmain                 0x08000ea5         Code  Gb  cmain.o [5]
__exit                  0x08000ed9   0x14  Code  Gb  exit.o [6]
__iar_copy_init3        0x08000e3d   0x2c  Code  Gb  copy_init3.o [5]
__iar_data_init3        0x08000e69   0x28  Code  Gb  data_init.o [5]
__iar_program_start     0x08000f25         Code  Gb  cstartup_M.o [5]
__iar_systems$$module {Abs}
                        0x00000001         Data  Gb  command line/config [2]
__low_level_init        0x08000ec3    0x4  Code  Gb  low_level_init.o [3]
__vector_table          0x08000000         Data  Gb  startup_stm32f10x_hd.o [1]
_call_main              0x08000eb1         Code  Gb  cmain.o [5]
_exit                   0x08000ecd         Code  Gb  cexit.o [5]
_main                   0x08000ebf         Code  Gb  cmain.o [5]
exit                    0x08000ec7    0x4  Code  Gb  exit.o [3]
main                    0x08000df5   0x36  Code  Gb  main.o [1]


[1] = C:\Users\tansu\Desktop\Stm32Works\Prj\Debug\Obj
[2] = command line
[3] = dl7M_tln.a
[4] = m7M_tl.a
[5] = rt7M_tl.a
[6] = shb_l.a

  4 122 bytes of readonly  code memory
     42 bytes of readonly  data memory
  4 114 bytes of readwrite data memory

Errors: none
Warnings: none
